2024-09-25 19:17:52,659 INFO o.h.v.i.u.Version [background-preinit] HV000001: Hibernate Validator 8.0.1.Final
2024-09-25 19:17:52,677 INFO o.s.b.StartupInfoLogger [main] Starting ItemTests using Java 17.0.12 with PID 78790 (started by saadbeidouri in /Users/saadbeidouri/Documents/Projets/BeidouriProject/budgeteer-api)
2024-09-25 19:17:52,678 DEBUG o.s.b.StartupInfoLogger [main] Running with Spring Boot v3.2.2, Spring v6.1.3
2024-09-25 19:17:52,679 INFO o.s.b.SpringApplication [main] No active profile set, falling back to 1 default profile: "default"
2024-09-25 19:17:53,778 WARN o.s.b.a.m.MustacheAutoConfiguration [main] Cannot find template location: classpath:/templates/ (please add some templates, check your Mustache configuration, or set spring.mustache.check-template-location=false)
2024-09-25 19:17:53,791 INFO o.s.m.w.MockServletContext [main] Initializing Spring TestDispatcherServlet ''
2024-09-25 19:17:53,792 INFO o.s.w.s.FrameworkServlet [main] Initializing Servlet ''
2024-09-25 19:17:53,792 INFO o.s.w.s.FrameworkServlet [main] Completed initialization in 0 ms
2024-09-25 19:17:53,806 INFO o.s.b.StartupInfoLogger [main] Started ItemTests in 1.347 seconds (process running for 2.05)
2024-09-25 19:19:41,335 INFO o.h.v.i.u.Version [background-preinit] HV000001: Hibernate Validator 8.0.1.Final
2024-09-25 19:19:41,355 INFO o.s.b.StartupInfoLogger [main] Starting ItemTests using Java 17.0.12 with PID 78821 (started by saadbeidouri in /Users/saadbeidouri/Documents/Projets/BeidouriProject/budgeteer-api)
2024-09-25 19:19:41,356 DEBUG o.s.b.StartupInfoLogger [main] Running with Spring Boot v3.2.2, Spring v6.1.3
2024-09-25 19:19:41,356 INFO o.s.b.SpringApplication [main] No active profile set, falling back to 1 default profile: "default"
2024-09-25 19:19:42,458 WARN o.s.b.a.m.MustacheAutoConfiguration [main] Cannot find template location: classpath:/templates/ (please add some templates, check your Mustache configuration, or set spring.mustache.check-template-location=false)
2024-09-25 19:19:42,473 INFO o.s.m.w.MockServletContext [main] Initializing Spring TestDispatcherServlet ''
2024-09-25 19:19:42,473 INFO o.s.w.s.FrameworkServlet [main] Initializing Servlet ''
2024-09-25 19:19:42,474 INFO o.s.w.s.FrameworkServlet [main] Completed initialization in 1 ms
2024-09-25 19:19:42,489 INFO o.s.b.StartupInfoLogger [main] Started ItemTests in 1.37 seconds (process running for 2.083)
2024-09-25 19:19:49,838 INFO o.h.v.i.u.Version [background-preinit] HV000001: Hibernate Validator 8.0.1.Final
2024-09-25 19:19:49,855 INFO o.s.b.StartupInfoLogger [main] Starting ResidenceTests using Java 17.0.12 with PID 78831 (started by saadbeidouri in /Users/saadbeidouri/Documents/Projets/BeidouriProject/budgeteer-api)
2024-09-25 19:19:49,855 DEBUG o.s.b.StartupInfoLogger [main] Running with Spring Boot v3.2.2, Spring v6.1.3
2024-09-25 19:19:49,856 INFO o.s.b.SpringApplication [main] No active profile set, falling back to 1 default profile: "default"
2024-09-25 19:19:50,798 WARN o.s.b.a.m.MustacheAutoConfiguration [main] Cannot find template location: classpath:/templates/ (please add some templates, check your Mustache configuration, or set spring.mustache.check-template-location=false)
2024-09-25 19:19:50,813 INFO o.s.m.w.MockServletContext [main] Initializing Spring TestDispatcherServlet ''
2024-09-25 19:19:50,813 INFO o.s.w.s.FrameworkServlet [main] Initializing Servlet ''
2024-09-25 19:19:50,814 INFO o.s.w.s.FrameworkServlet [main] Completed initialization in 1 ms
2024-09-25 19:19:50,828 INFO o.s.b.StartupInfoLogger [main] Started ResidenceTests in 1.187 seconds (process running for 1.669)
2024-09-25 19:20:06,899 INFO o.h.v.i.u.Version [background-preinit] HV000001: Hibernate Validator 8.0.1.Final
2024-09-25 19:20:06,916 INFO o.s.b.StartupInfoLogger [main] Starting ResidenceTests using Java 17.0.12 with PID 78845 (started by saadbeidouri in /Users/saadbeidouri/Documents/Projets/BeidouriProject/budgeteer-api)
2024-09-25 19:20:06,916 DEBUG o.s.b.StartupInfoLogger [main] Running with Spring Boot v3.2.2, Spring v6.1.3
2024-09-25 19:20:06,917 INFO o.s.b.SpringApplication [main] No active profile set, falling back to 1 default profile: "default"
2024-09-25 19:20:07,947 WARN o.s.b.a.m.MustacheAutoConfiguration [main] Cannot find template location: classpath:/templates/ (please add some templates, check your Mustache configuration, or set spring.mustache.check-template-location=false)
2024-09-25 19:20:07,962 INFO o.s.m.w.MockServletContext [main] Initializing Spring TestDispatcherServlet ''
2024-09-25 19:20:07,963 INFO o.s.w.s.FrameworkServlet [main] Initializing Servlet ''
2024-09-25 19:20:07,964 INFO o.s.w.s.FrameworkServlet [main] Completed initialization in 1 ms
2024-09-25 19:20:07,978 INFO o.s.b.StartupInfoLogger [main] Started ResidenceTests in 1.314 seconds (process running for 1.801)
2024-09-25 19:20:15,663 INFO o.h.v.i.u.Version [background-preinit] HV000001: Hibernate Validator 8.0.1.Final
2024-09-25 19:20:15,681 INFO o.s.b.StartupInfoLogger [main] Starting UserControllerTest using Java 17.0.12 with PID 78862 (started by saadbeidouri in /Users/saadbeidouri/Documents/Projets/BeidouriProject/budgeteer-api)
2024-09-25 19:20:15,682 DEBUG o.s.b.StartupInfoLogger [main] Running with Spring Boot v3.2.2, Spring v6.1.3
2024-09-25 19:20:15,683 INFO o.s.b.SpringApplication [main] No active profile set, falling back to 1 default profile: "default"
2024-09-25 19:20:16,642 WARN o.s.b.a.m.MustacheAutoConfiguration [main] Cannot find template location: classpath:/templates/ (please add some templates, check your Mustache configuration, or set spring.mustache.check-template-location=false)
2024-09-25 19:20:16,656 INFO o.s.m.w.MockServletContext [main] Initializing Spring TestDispatcherServlet ''
2024-09-25 19:20:16,657 INFO o.s.w.s.FrameworkServlet [main] Initializing Servlet ''
2024-09-25 19:20:16,657 INFO o.s.w.s.FrameworkServlet [main] Completed initialization in 0 ms
2024-09-25 19:20:16,671 INFO o.s.b.StartupInfoLogger [main] Started UserControllerTest in 1.218 seconds (process running for 1.722)
2025-06-02 14:27:24,326 INFO o.h.v.i.u.Version [background-preinit] HV000001: Hibernate Validator 8.0.1.Final
2025-06-02 14:27:24,371 INFO o.s.b.StartupInfoLogger [main] Starting BudgeteerApplicationKt v0.0.1-SNAPSHOT using Java 17.0.2 with PID 1 (/app/budgeteer-0.0.1-SNAPSHOT.jar started by dockeruser in /app)
2025-06-02 14:27:24,372 DEBUG o.s.b.StartupInfoLogger [main] Running with Spring Boot v3.2.2, Spring v6.1.3
2025-06-02 14:27:24,373 INFO o.s.b.SpringApplication [main] No active profile set, falling back to 1 default profile: "default"
2025-06-02 14:27:24,435 INFO o.s.b.l.DeferredLog [main] For additional web related logging consider setting the 'logging.level.web' property to 'DEBUG'
2025-06-02 14:27:25,188 INFO o.s.d.r.c.RepositoryConfigurationDelegate [main] Bootstrapping Spring Data JPA repositories in DEFAULT mode.
2025-06-02 14:27:25,229 INFO o.s.d.r.c.RepositoryConfigurationDelegate [main] Finished Spring Data repository scanning in 36 ms. Found 5 JPA repository interfaces.
2025-06-02 14:27:25,819 INFO o.s.b.w.e.t.TomcatWebServer [main] Tomcat initialized with port 8080 (http)
2025-06-02 14:27:25,826 INFO o.a.j.l.DirectJDKLog [main] Initializing ProtocolHandler ["http-nio-8080"]
2025-06-02 14:27:25,828 INFO o.a.j.l.DirectJDKLog [main] Starting service [Tomcat]
2025-06-02 14:27:25,828 INFO o.a.j.l.DirectJDKLog [main] Starting Servlet engine: [Apache Tomcat/10.1.18]
2025-06-02 14:27:25,865 INFO o.a.j.l.DirectJDKLog [main] Initializing Spring embedded WebApplicationContext
2025-06-02 14:27:25,866 INFO o.s.b.w.s.c.ServletWebServerApplicationContext [main] Root WebApplicationContext: initialization completed in 1424 ms
2025-06-02 14:27:26,179 INFO o.h.j.i.u.LogHelper [main] HHH000204: Processing PersistenceUnitInfo [name: default]
2025-06-02 14:27:26,230 INFO o.h.Version [main] HHH000412: Hibernate ORM core version 6.4.1.Final
2025-06-02 14:27:26,254 INFO o.h.c.i.RegionFactoryInitiator [main] HHH000026: Second-level cache disabled
2025-06-02 14:27:26,397 INFO o.s.o.j.p.SpringPersistenceUnitInfo [main] No LoadTimeWeaver setup: ignoring JPA class transformer
2025-06-02 14:27:26,412 INFO c.z.h.HikariDataSource [main] HikariPool-1 - Starting...
2025-06-02 14:27:26,536 INFO c.z.h.p.HikariPool [main] HikariPool-1 - Added connection org.postgresql.jdbc.PgConnection@22002459
2025-06-02 14:27:26,537 INFO c.z.h.HikariDataSource [main] HikariPool-1 - Start completed.
2025-06-02 14:27:27,074 INFO o.h.e.t.j.p.i.JtaPlatformInitiator [main] HHH000489: No JTA platform available (set 'hibernate.transaction.jta.platform' to enable JTA platform integration)
2025-06-02 14:27:27,140 INFO o.s.o.j.AbstractEntityManagerFactoryBean [main] Initialized JPA EntityManagerFactory for persistence unit 'default'
2025-06-02 14:27:27,522 INFO o.s.d.j.r.q.QueryEnhancerFactory [main] Hibernate is in classpath; If applicable, HQL parser will be used.
2025-06-02 14:27:28,111 WARN o.s.b.a.o.j.JpaBaseConfiguration$JpaWebConfiguration [main] spring.jpa.open-in-view is enabled by default. Therefore, database queries may be performed during view rendering. Explicitly configure spring.jpa.open-in-view to disable this warning
2025-06-02 14:27:28,356 WARN o.s.b.a.m.MustacheAutoConfiguration [main] Cannot find template location: classpath:/templates/ (please add some templates, check your Mustache configuration, or set spring.mustache.check-template-location=false)
2025-06-02 14:27:28,630 INFO o.s.b.a.e.w.EndpointLinksResolver [main] Exposing 14 endpoint(s) beneath base path '/actuator'
2025-06-02 14:27:28,725 INFO o.a.j.l.DirectJDKLog [main] Starting ProtocolHandler ["http-nio-8080"]
2025-06-02 14:27:28,749 INFO o.s.b.w.e.t.TomcatWebServer [main] Tomcat started on port 8080 (http) with context path ''
2025-06-02 14:27:28,758 INFO o.s.b.StartupInfoLogger [main] Started BudgeteerApplicationKt in 4.74 seconds (process running for 5.502)
2025-06-02 14:27:34,840 INFO o.a.j.l.DirectJDKLog [http-nio-8080-exec-1] Initializing Spring DispatcherServlet 'dispatcherServlet'
2025-06-02 14:27:34,843 INFO o.s.w.s.FrameworkServlet [http-nio-8080-exec-1] Initializing Servlet 'dispatcherServlet'
2025-06-02 14:27:34,845 INFO o.s.w.s.FrameworkServlet [http-nio-8080-exec-1] Completed initialization in 1 ms
2025-06-02 14:29:48,222 INFO o.s.o.j.AbstractEntityManagerFactoryBean [SpringApplicationShutdownHook] Closing JPA EntityManagerFactory for persistence unit 'default'
2025-06-02 14:29:48,235 INFO c.z.h.HikariDataSource [SpringApplicationShutdownHook] HikariPool-1 - Shutdown initiated...
2025-06-02 14:29:48,255 INFO c.z.h.HikariDataSource [SpringApplicationShutdownHook] HikariPool-1 - Shutdown completed.
2025-06-02 14:29:50,141 INFO o.h.v.i.u.Version [background-preinit] HV000001: Hibernate Validator 8.0.1.Final
2025-06-02 14:29:50,183 INFO o.s.b.StartupInfoLogger [main] Starting BudgeteerApplicationKt v0.0.1-SNAPSHOT using Java 17.0.2 with PID 1 (/app/budgeteer-0.0.1-SNAPSHOT.jar started by dockeruser in /app)
2025-06-02 14:29:50,187 DEBUG o.s.b.StartupInfoLogger [main] Running with Spring Boot v3.2.2, Spring v6.1.3
2025-06-02 14:29:50,192 INFO o.s.b.SpringApplication [main] No active profile set, falling back to 1 default profile: "default"
2025-06-02 14:29:50,343 INFO o.s.b.l.DeferredLog [main] For additional web related logging consider setting the 'logging.level.web' property to 'DEBUG'
2025-06-02 14:29:51,369 INFO o.s.d.r.c.RepositoryConfigurationDelegate [main] Bootstrapping Spring Data JPA repositories in DEFAULT mode.
2025-06-02 14:29:51,421 INFO o.s.d.r.c.RepositoryConfigurationDelegate [main] Finished Spring Data repository scanning in 45 ms. Found 5 JPA repository interfaces.
2025-06-02 14:29:52,009 INFO o.s.b.w.e.t.TomcatWebServer [main] Tomcat initialized with port 8080 (http)
2025-06-02 14:29:52,017 INFO o.a.j.l.DirectJDKLog [main] Initializing ProtocolHandler ["http-nio-8080"]
2025-06-02 14:29:52,020 INFO o.a.j.l.DirectJDKLog [main] Starting service [Tomcat]
2025-06-02 14:29:52,020 INFO o.a.j.l.DirectJDKLog [main] Starting Servlet engine: [Apache Tomcat/10.1.18]
2025-06-02 14:29:52,047 INFO o.a.j.l.DirectJDKLog [main] Initializing Spring embedded WebApplicationContext
2025-06-02 14:29:52,048 INFO o.s.b.w.s.c.ServletWebServerApplicationContext [main] Root WebApplicationContext: initialization completed in 1703 ms
2025-06-02 14:29:52,307 INFO o.h.j.i.u.LogHelper [main] HHH000204: Processing PersistenceUnitInfo [name: default]
2025-06-02 14:29:52,344 INFO o.h.Version [main] HHH000412: Hibernate ORM core version 6.4.1.Final
2025-06-02 14:29:52,370 INFO o.h.c.i.RegionFactoryInitiator [main] HHH000026: Second-level cache disabled
2025-06-02 14:29:52,509 INFO o.s.o.j.p.SpringPersistenceUnitInfo [main] No LoadTimeWeaver setup: ignoring JPA class transformer
2025-06-02 14:29:52,527 INFO c.z.h.HikariDataSource [main] HikariPool-1 - Starting...
2025-06-02 14:29:52,682 INFO c.z.h.p.HikariPool [main] HikariPool-1 - Added connection org.postgresql.jdbc.PgConnection@46d69ca4
2025-06-02 14:29:52,683 INFO c.z.h.HikariDataSource [main] HikariPool-1 - Start completed.
2025-06-02 14:29:53,327 INFO o.h.e.t.j.p.i.JtaPlatformInitiator [main] HHH000489: No JTA platform available (set 'hibernate.transaction.jta.platform' to enable JTA platform integration)
2025-06-02 14:29:53,386 INFO o.s.o.j.AbstractEntityManagerFactoryBean [main] Initialized JPA EntityManagerFactory for persistence unit 'default'
2025-06-02 14:29:53,884 INFO o.s.d.j.r.q.QueryEnhancerFactory [main] Hibernate is in classpath; If applicable, HQL parser will be used.
2025-06-02 14:29:55,381 WARN o.s.b.a.o.j.JpaBaseConfiguration$JpaWebConfiguration [main] spring.jpa.open-in-view is enabled by default. Therefore, database queries may be performed during view rendering. Explicitly configure spring.jpa.open-in-view to disable this warning
2025-06-02 14:29:55,903 WARN o.s.b.a.m.MustacheAutoConfiguration [main] Cannot find template location: classpath:/templates/ (please add some templates, check your Mustache configuration, or set spring.mustache.check-template-location=false)
2025-06-02 14:29:56,213 INFO o.s.b.a.e.w.EndpointLinksResolver [main] Exposing 14 endpoint(s) beneath base path '/actuator'
2025-06-02 14:29:56,311 INFO o.a.j.l.DirectJDKLog [main] Starting ProtocolHandler ["http-nio-8080"]
2025-06-02 14:29:56,331 INFO o.s.b.w.e.t.TomcatWebServer [main] Tomcat started on port 8080 (http) with context path ''
2025-06-02 14:29:56,343 INFO o.s.b.StartupInfoLogger [main] Started BudgeteerApplicationKt in 6.688 seconds (process running for 7.397)
2025-06-02 14:30:04,882 INFO o.a.j.l.DirectJDKLog [http-nio-8080-exec-1] Initializing Spring DispatcherServlet 'dispatcherServlet'
2025-06-02 14:30:04,883 INFO o.s.w.s.FrameworkServlet [http-nio-8080-exec-1] Initializing Servlet 'dispatcherServlet'
2025-06-02 14:30:04,887 INFO o.s.w.s.FrameworkServlet [http-nio-8080-exec-1] Completed initialization in 4 ms
2025-06-02 14:30:35,211 INFO o.s.o.j.AbstractEntityManagerFactoryBean [SpringApplicationShutdownHook] Closing JPA EntityManagerFactory for persistence unit 'default'
2025-06-02 14:30:35,236 INFO c.z.h.HikariDataSource [SpringApplicationShutdownHook] HikariPool-1 - Shutdown initiated...
2025-06-02 14:30:35,249 INFO c.z.h.HikariDataSource [SpringApplicationShutdownHook] HikariPool-1 - Shutdown completed.
2025-06-02 14:30:36,789 INFO o.h.v.i.u.Version [background-preinit] HV000001: Hibernate Validator 8.0.1.Final
2025-06-02 14:30:36,845 INFO o.s.b.StartupInfoLogger [main] Starting BudgeteerApplicationKt v0.0.1-SNAPSHOT using Java 17.0.2 with PID 1 (/app/budgeteer-0.0.1-SNAPSHOT.jar started by dockeruser in /app)
2025-06-02 14:30:36,846 DEBUG o.s.b.StartupInfoLogger [main] Running with Spring Boot v3.2.2, Spring v6.1.3
2025-06-02 14:30:36,848 INFO o.s.b.SpringApplication [main] No active profile set, falling back to 1 default profile: "default"
2025-06-02 14:30:36,945 INFO o.s.b.l.DeferredLog [main] For additional web related logging consider setting the 'logging.level.web' property to 'DEBUG'
2025-06-02 14:30:37,746 INFO o.s.d.r.c.RepositoryConfigurationDelegate [main] Bootstrapping Spring Data JPA repositories in DEFAULT mode.
2025-06-02 14:30:37,786 INFO o.s.d.r.c.RepositoryConfigurationDelegate [main] Finished Spring Data repository scanning in 36 ms. Found 5 JPA repository interfaces.
2025-06-02 14:30:38,290 INFO o.s.b.w.e.t.TomcatWebServer [main] Tomcat initialized with port 8080 (http)
2025-06-02 14:30:38,297 INFO o.a.j.l.DirectJDKLog [main] Initializing ProtocolHandler ["http-nio-8080"]
2025-06-02 14:30:38,298 INFO o.a.j.l.DirectJDKLog [main] Starting service [Tomcat]
2025-06-02 14:30:38,299 INFO o.a.j.l.DirectJDKLog [main] Starting Servlet engine: [Apache Tomcat/10.1.18]
2025-06-02 14:30:38,320 INFO o.a.j.l.DirectJDKLog [main] Initializing Spring embedded WebApplicationContext
2025-06-02 14:30:38,321 INFO o.s.b.w.s.c.ServletWebServerApplicationContext [main] Root WebApplicationContext: initialization completed in 1366 ms
2025-06-02 14:30:38,540 INFO o.h.j.i.u.LogHelper [main] HHH000204: Processing PersistenceUnitInfo [name: default]
2025-06-02 14:30:38,582 INFO o.h.Version [main] HHH000412: Hibernate ORM core version 6.4.1.Final
2025-06-02 14:30:38,604 INFO o.h.c.i.RegionFactoryInitiator [main] HHH000026: Second-level cache disabled
2025-06-02 14:30:38,721 INFO o.s.o.j.p.SpringPersistenceUnitInfo [main] No LoadTimeWeaver setup: ignoring JPA class transformer
2025-06-02 14:30:38,735 INFO c.z.h.HikariDataSource [main] HikariPool-1 - Starting...
2025-06-02 14:30:38,823 INFO c.z.h.p.HikariPool [main] HikariPool-1 - Added connection org.postgresql.jdbc.PgConnection@1eabfad5
2025-06-02 14:30:38,824 INFO c.z.h.HikariDataSource [main] HikariPool-1 - Start completed.
2025-06-02 14:30:39,366 INFO o.h.e.t.j.p.i.JtaPlatformInitiator [main] HHH000489: No JTA platform available (set 'hibernate.transaction.jta.platform' to enable JTA platform integration)
2025-06-02 14:30:39,411 INFO o.s.o.j.AbstractEntityManagerFactoryBean [main] Initialized JPA EntityManagerFactory for persistence unit 'default'
2025-06-02 14:30:39,767 INFO o.s.d.j.r.q.QueryEnhancerFactory [main] Hibernate is in classpath; If applicable, HQL parser will be used.
2025-06-02 14:30:40,328 WARN o.s.b.a.o.j.JpaBaseConfiguration$JpaWebConfiguration [main] spring.jpa.open-in-view is enabled by default. Therefore, database queries may be performed during view rendering. Explicitly configure spring.jpa.open-in-view to disable this warning
2025-06-02 14:30:40,546 WARN o.s.b.a.m.MustacheAutoConfiguration [main] Cannot find template location: classpath:/templates/ (please add some templates, check your Mustache configuration, or set spring.mustache.check-template-location=false)
2025-06-02 14:30:40,751 INFO o.s.b.a.e.w.EndpointLinksResolver [main] Exposing 14 endpoint(s) beneath base path '/actuator'
2025-06-02 14:30:40,820 INFO o.a.j.l.DirectJDKLog [main] Starting ProtocolHandler ["http-nio-8080"]
2025-06-02 14:30:40,837 INFO o.s.b.w.e.t.TomcatWebServer [main] Tomcat started on port 8080 (http) with context path ''
2025-06-02 14:30:40,847 INFO o.s.b.StartupInfoLogger [main] Started BudgeteerApplicationKt in 4.353 seconds (process running for 4.962)
2025-06-02 14:30:49,841 INFO o.a.j.l.DirectJDKLog [http-nio-8080-exec-1] Initializing Spring DispatcherServlet 'dispatcherServlet'
2025-06-02 14:30:49,842 INFO o.s.w.s.FrameworkServlet [http-nio-8080-exec-1] Initializing Servlet 'dispatcherServlet'
2025-06-02 14:30:49,843 INFO o.s.w.s.FrameworkServlet [http-nio-8080-exec-1] Completed initialization in 1 ms
2025-06-02 14:32:03,498 INFO o.s.o.j.AbstractEntityManagerFactoryBean [SpringApplicationShutdownHook] Closing JPA EntityManagerFactory for persistence unit 'default'
2025-06-02 14:32:03,510 INFO c.z.h.HikariDataSource [SpringApplicationShutdownHook] HikariPool-1 - Shutdown initiated...
2025-06-02 14:32:03,526 INFO c.z.h.HikariDataSource [SpringApplicationShutdownHook] HikariPool-1 - Shutdown completed.
2025-06-02 14:32:05,034 INFO o.h.v.i.u.Version [background-preinit] HV000001: Hibernate Validator 8.0.1.Final
2025-06-02 14:32:05,074 INFO o.s.b.StartupInfoLogger [main] Starting BudgeteerApplicationKt v0.0.1-SNAPSHOT using Java 17.0.2 with PID 1 (/app/budgeteer-0.0.1-SNAPSHOT.jar started by dockeruser in /app)
2025-06-02 14:32:05,075 DEBUG o.s.b.StartupInfoLogger [main] Running with Spring Boot v3.2.2, Spring v6.1.3
2025-06-02 14:32:05,076 INFO o.s.b.SpringApplication [main] No active profile set, falling back to 1 default profile: "default"
2025-06-02 14:32:05,178 INFO o.s.b.l.DeferredLog [main] For additional web related logging consider setting the 'logging.level.web' property to 'DEBUG'
2025-06-02 14:32:05,985 INFO o.s.d.r.c.RepositoryConfigurationDelegate [main] Bootstrapping Spring Data JPA repositories in DEFAULT mode.
2025-06-02 14:32:06,017 INFO o.s.d.r.c.RepositoryConfigurationDelegate [main] Finished Spring Data repository scanning in 28 ms. Found 5 JPA repository interfaces.
2025-06-02 14:32:06,501 INFO o.s.b.w.e.t.TomcatWebServer [main] Tomcat initialized with port 8080 (http)
2025-06-02 14:32:06,507 INFO o.a.j.l.DirectJDKLog [main] Initializing ProtocolHandler ["http-nio-8080"]
2025-06-02 14:32:06,510 INFO o.a.j.l.DirectJDKLog [main] Starting service [Tomcat]
2025-06-02 14:32:06,510 INFO o.a.j.l.DirectJDKLog [main] Starting Servlet engine: [Apache Tomcat/10.1.18]
2025-06-02 14:32:06,535 INFO o.a.j.l.DirectJDKLog [main] Initializing Spring embedded WebApplicationContext
2025-06-02 14:32:06,535 INFO o.s.b.w.s.c.ServletWebServerApplicationContext [main] Root WebApplicationContext: initialization completed in 1356 ms
2025-06-02 14:32:06,784 INFO o.h.j.i.u.LogHelper [main] HHH000204: Processing PersistenceUnitInfo [name: default]
2025-06-02 14:32:06,820 INFO o.h.Version [main] HHH000412: Hibernate ORM core version 6.4.1.Final
2025-06-02 14:32:06,845 INFO o.h.c.i.RegionFactoryInitiator [main] HHH000026: Second-level cache disabled
2025-06-02 14:32:06,995 INFO o.s.o.j.p.SpringPersistenceUnitInfo [main] No LoadTimeWeaver setup: ignoring JPA class transformer
2025-06-02 14:32:07,015 INFO c.z.h.HikariDataSource [main] HikariPool-1 - Starting...
2025-06-02 14:32:07,111 INFO c.z.h.p.HikariPool [main] HikariPool-1 - Added connection org.postgresql.jdbc.PgConnection@12200670
2025-06-02 14:32:07,112 INFO c.z.h.HikariDataSource [main] HikariPool-1 - Start completed.
2025-06-02 14:32:07,623 INFO o.h.e.t.j.p.i.JtaPlatformInitiator [main] HHH000489: No JTA platform available (set 'hibernate.transaction.jta.platform' to enable JTA platform integration)
2025-06-02 14:32:07,667 INFO o.s.o.j.AbstractEntityManagerFactoryBean [main] Initialized JPA EntityManagerFactory for persistence unit 'default'
2025-06-02 14:32:08,061 INFO o.s.d.j.r.q.QueryEnhancerFactory [main] Hibernate is in classpath; If applicable, HQL parser will be used.
2025-06-02 14:32:08,589 WARN o.s.b.a.o.j.JpaBaseConfiguration$JpaWebConfiguration [main] spring.jpa.open-in-view is enabled by default. Therefore, database queries may be performed during view rendering. Explicitly configure spring.jpa.open-in-view to disable this warning
2025-06-02 14:32:08,809 WARN o.s.b.a.m.MustacheAutoConfiguration [main] Cannot find template location: classpath:/templates/ (please add some templates, check your Mustache configuration, or set spring.mustache.check-template-location=false)
2025-06-02 14:32:09,023 INFO o.s.b.a.e.w.EndpointLinksResolver [main] Exposing 14 endpoint(s) beneath base path '/actuator'
2025-06-02 14:32:09,106 INFO o.a.j.l.DirectJDKLog [main] Starting ProtocolHandler ["http-nio-8080"]
2025-06-02 14:32:09,118 INFO o.s.b.w.e.t.TomcatWebServer [main] Tomcat started on port 8080 (http) with context path ''
2025-06-02 14:32:09,129 INFO o.s.b.StartupInfoLogger [main] Started BudgeteerApplicationKt in 4.441 seconds (process running for 5.007)
2025-06-02 14:32:19,901 INFO o.a.j.l.DirectJDKLog [http-nio-8080-exec-1] Initializing Spring DispatcherServlet 'dispatcherServlet'
2025-06-02 14:32:19,902 INFO o.s.w.s.FrameworkServlet [http-nio-8080-exec-1] Initializing Servlet 'dispatcherServlet'
2025-06-02 14:32:19,907 INFO o.s.w.s.FrameworkServlet [http-nio-8080-exec-1] Completed initialization in 4 ms
2025-06-02 14:32:44,399 INFO o.s.o.j.AbstractEntityManagerFactoryBean [SpringApplicationShutdownHook] Closing JPA EntityManagerFactory for persistence unit 'default'
2025-06-02 14:32:44,415 INFO c.z.h.HikariDataSource [SpringApplicationShutdownHook] HikariPool-1 - Shutdown initiated...
2025-06-02 14:32:44,430 INFO c.z.h.HikariDataSource [SpringApplicationShutdownHook] HikariPool-1 - Shutdown completed.
2025-06-02 14:32:46,003 INFO o.h.v.i.u.Version [background-preinit] HV000001: Hibernate Validator 8.0.1.Final
2025-06-02 14:32:46,057 INFO o.s.b.StartupInfoLogger [main] Starting BudgeteerApplicationKt v0.0.1-SNAPSHOT using Java 17.0.2 with PID 1 (/app/budgeteer-0.0.1-SNAPSHOT.jar started by dockeruser in /app)
2025-06-02 14:32:46,062 DEBUG o.s.b.StartupInfoLogger [main] Running with Spring Boot v3.2.2, Spring v6.1.3
2025-06-02 14:32:46,062 INFO o.s.b.SpringApplication [main] No active profile set, falling back to 1 default profile: "default"
2025-06-02 14:32:46,146 INFO o.s.b.l.DeferredLog [main] For additional web related logging consider setting the 'logging.level.web' property to 'DEBUG'
2025-06-02 14:32:46,942 INFO o.s.d.r.c.RepositoryConfigurationDelegate [main] Bootstrapping Spring Data JPA repositories in DEFAULT mode.
2025-06-02 14:32:46,975 INFO o.s.d.r.c.RepositoryConfigurationDelegate [main] Finished Spring Data repository scanning in 28 ms. Found 5 JPA repository interfaces.
2025-06-02 14:32:47,432 INFO o.s.b.w.e.t.TomcatWebServer [main] Tomcat initialized with port 8080 (http)
2025-06-02 14:32:47,438 INFO o.a.j.l.DirectJDKLog [main] Initializing ProtocolHandler ["http-nio-8080"]
2025-06-02 14:32:47,439 INFO o.a.j.l.DirectJDKLog [main] Starting service [Tomcat]
2025-06-02 14:32:47,440 INFO o.a.j.l.DirectJDKLog [main] Starting Servlet engine: [Apache Tomcat/10.1.18]
2025-06-02 14:32:47,468 INFO o.a.j.l.DirectJDKLog [main] Initializing Spring embedded WebApplicationContext
2025-06-02 14:32:47,468 INFO o.s.b.w.s.c.ServletWebServerApplicationContext [main] Root WebApplicationContext: initialization completed in 1320 ms
2025-06-02 14:32:47,705 INFO o.h.j.i.u.LogHelper [main] HHH000204: Processing PersistenceUnitInfo [name: default]
2025-06-02 14:32:47,735 INFO o.h.Version [main] HHH000412: Hibernate ORM core version 6.4.1.Final
2025-06-02 14:32:47,754 INFO o.h.c.i.RegionFactoryInitiator [main] HHH000026: Second-level cache disabled
2025-06-02 14:32:47,880 INFO o.s.o.j.p.SpringPersistenceUnitInfo [main] No LoadTimeWeaver setup: ignoring JPA class transformer
2025-06-02 14:32:47,896 INFO c.z.h.HikariDataSource [main] HikariPool-1 - Starting...
2025-06-02 14:32:47,981 INFO c.z.h.p.HikariPool [main] HikariPool-1 - Added connection org.postgresql.jdbc.PgConnection@64d93096
2025-06-02 14:32:47,983 INFO c.z.h.HikariDataSource [main] HikariPool-1 - Start completed.
2025-06-02 14:32:48,488 INFO o.h.e.t.j.p.i.JtaPlatformInitiator [main] HHH000489: No JTA platform available (set 'hibernate.transaction.jta.platform' to enable JTA platform integration)
2025-06-02 14:32:48,534 INFO o.s.o.j.AbstractEntityManagerFactoryBean [main] Initialized JPA EntityManagerFactory for persistence unit 'default'
2025-06-02 14:32:48,906 INFO o.s.d.j.r.q.QueryEnhancerFactory [main] Hibernate is in classpath; If applicable, HQL parser will be used.
2025-06-02 14:32:49,451 WARN o.s.b.a.o.j.JpaBaseConfiguration$JpaWebConfiguration [main] spring.jpa.open-in-view is enabled by default. Therefore, database queries may be performed during view rendering. Explicitly configure spring.jpa.open-in-view to disable this warning
2025-06-02 14:32:49,670 WARN o.s.b.a.m.MustacheAutoConfiguration [main] Cannot find template location: classpath:/templates/ (please add some templates, check your Mustache configuration, or set spring.mustache.check-template-location=false)
2025-06-02 14:32:49,905 INFO o.s.b.a.e.w.EndpointLinksResolver [main] Exposing 14 endpoint(s) beneath base path '/actuator'
2025-06-02 14:32:49,992 INFO o.a.j.l.DirectJDKLog [main] Starting ProtocolHandler ["http-nio-8080"]
2025-06-02 14:32:50,007 INFO o.s.b.w.e.t.TomcatWebServer [main] Tomcat started on port 8080 (http) with context path ''
2025-06-02 14:32:50,018 INFO o.s.b.StartupInfoLogger [main] Started BudgeteerApplicationKt in 4.391 seconds (process running for 4.963)
2025-06-02 14:33:04,890 INFO o.a.j.l.DirectJDKLog [http-nio-8080-exec-1] Initializing Spring DispatcherServlet 'dispatcherServlet'
2025-06-02 14:33:04,891 INFO o.s.w.s.FrameworkServlet [http-nio-8080-exec-1] Initializing Servlet 'dispatcherServlet'
2025-06-02 14:33:04,896 INFO o.s.w.s.FrameworkServlet [http-nio-8080-exec-1] Completed initialization in 4 ms
